[INFO] Scanning for projects...
[INFO] 
[INFO] ------------------------< quantify:BoticaSaid >-------------------------
[INFO] Building BoticaSaid 0.0.1-SNAPSHOT
[INFO]   from pom.xml
[INFO] --------------------------------[ jar ]---------------------------------
[INFO] 
[INFO] >>> spring-boot:3.5.0:run (default-cli) > test-compile @ BoticaSaid >>>
[INFO] 
[INFO] --- jacoco:0.8.12:prepare-agent (default) @ BoticaSaid ---
[INFO] argLine set to -javaagent:C:\\Users\\luisc\\.m2\\repository\\org\\jacoco\\org.jacoco.agent\\0.8.12\\org.jacoco.agent-0.8.12-runtime.jar=destfile=C:\\Users\\luisc\\Desktop\\Boticav3\\boticaa_backend\\target\\jacoco.exec,excludes=java.*:javax.*:jdk.*:sun.*:com.sun.*:org.jcp.*:net.bytebuddy.*:*Hibernate*
[INFO] 
[INFO] --- resources:3.3.1:resources (default-resources) @ BoticaSaid ---
[INFO] Copying 1 resource from src\main\resources to target\classes
[INFO] Copying 0 resource from src\main\resources to target\classes
[INFO] 
[INFO] --- compiler:3.14.0:compile (default-compile) @ BoticaSaid ---
[INFO] Recompiling the module because of changed source code.
[INFO] Compiling 114 source files with javac [debug parameters release 17] to target\classes
[INFO] /C:/Users/luisc/Desktop/Boticav3/boticaa_backend/src/main/java/quantify/BoticaSaid/config/security/SecurityConfig.java: Some input files use or override a deprecated API.
[INFO] /C:/Users/luisc/Desktop/Boticav3/boticaa_backend/src/main/java/quantify/BoticaSaid/config/security/SecurityConfig.java: Recompile with -Xlint:deprecation for details.
[INFO] /C:/Users/luisc/Desktop/Boticav3/boticaa_backend/src/main/java/quantify/BoticaSaid/service/ScrapingClient.java: C:\Users\luisc\Desktop\Boticav3\boticaa_backend\src\main\java\quantify\BoticaSaid\service\ScrapingClient.java uses unchecked or unsafe operations.
[INFO] /C:/Users/luisc/Desktop/Boticav3/boticaa_backend/src/main/java/quantify/BoticaSaid/service/ScrapingClient.java: Recompile with -Xlint:unchecked for details.
[INFO] 
[INFO] --- resources:3.3.1:testResources (default-testResources) @ BoticaSaid ---
[INFO] Copying 1 resource from src\test\resources to target\test-classes
[INFO] 
[INFO] --- compiler:3.14.0:testCompile (default-testCompile) @ BoticaSaid ---
[INFO] Recompiling the module because of changed dependency.
[INFO] Compiling 3 source files with javac [debug parameters release 17] to target\test-classes
[INFO] 
[INFO] <<< spring-boot:3.5.0:run (default-cli) < test-compile @ BoticaSaid <<<
[INFO] 
[INFO] 
[INFO] --- spring-boot:3.5.0:run (default-cli) @ BoticaSaid ---
[INFO] Attaching agents: []

  .   ____          _            __ _ _
 /\\ / ___'_ __ _ _(_)_ __  __ _ \ \ \ \
( ( )\___ | '_ | '_| | '_ \/ _` | \ \ \ \
 \\/  ___)| |_)| | | | | || (_| |  ) ) ) )
  '  |____| .__|_| |_|_| |_\__, | / / / /
 =========|_|==============|___/=/_/_/_/

 :: Spring Boot ::                (v3.5.0)

2025-12-10T18:32:26.703-05:00  INFO 2928 --- [BoticaEsperanza] [  restartedMain] q.BoticaSaid.BoticaSaidApplication       : Starting BoticaSaidApplication using Java 21.0.8 with PID 2928 (C:\Users\luisc\Desktop\Boticav3\boticaa_backend\target\classes started by luisc in C:\Users\luisc\Desktop\Boticav3\boticaa_backend)
2025-12-10T18:32:26.705-05:00  INFO 2928 --- [BoticaEsperanza] [  restartedMain] q.BoticaSaid.BoticaSaidApplication       : No active profile set, falling back to 1 default profile: "default"
2025-12-10T18:32:26.767-05:00  INFO 2928 --- [BoticaEsperanza] [  restartedMain] .e.DevToolsPropertyDefaultsPostProcessor : Devtools property defaults active! Set 'spring.devtools.add-properties' to 'false' to disable
2025-12-10T18:32:26.768-05:00  INFO 2928 --- [BoticaEsperanza] [  restartedMain] .e.DevToolsPropertyDefaultsPostProcessor : For additional web related logging consider setting the 'logging.level.web' property to 'DEBUG'
2025-12-10T18:32:27.666-05:00  INFO 2928 --- [BoticaEsperanza] [  restartedMain] .s.d.r.c.RepositoryConfigurationDelegate : Bootstrapping Spring Data JPA repositories in DEFAULT mode.
2025-12-10T18:32:27.823-05:00  INFO 2928 --- [BoticaEsperanza] [  restartedMain] .s.d.r.c.RepositoryConfigurationDelegate : Finished Spring Data repository scanning in 133 ms. Found 13 JPA repository interfaces.
2025-12-10T18:32:28.443-05:00  INFO 2928 --- [BoticaEsperanza] [  restartedMain] o.s.b.w.embedded.tomcat.TomcatWebServer  : Tomcat initialized with port 8090 (http)
2025-12-10T18:32:28.463-05:00  INFO 2928 --- [BoticaEsperanza] [  restartedMain] o.apache.catalina.core.StandardService   : Starting service [Tomcat]
2025-12-10T18:32:28.465-05:00  INFO 2928 --- [BoticaEsperanza] [  restartedMain] o.apache.catalina.core.StandardEngine    : Starting Servlet engine: [Apache Tomcat/10.1.41]
2025-12-10T18:32:28.518-05:00  INFO 2928 --- [BoticaEsperanza] [  restartedMain] o.a.c.c.C.[Tomcat].[localhost].[/]       : Initializing Spring embedded WebApplicationContext
2025-12-10T18:32:28.519-05:00  INFO 2928 --- [BoticaEsperanza] [  restartedMain] w.s.c.ServletWebServerApplicationContext : Root WebApplicationContext: initialization completed in 1749 ms
2025-12-10T18:32:28.665-05:00  INFO 2928 --- [BoticaEsperanza] [  restartedMain] o.hibernate.jpa.internal.util.LogHelper  : HHH000204: Processing PersistenceUnitInfo [name: default]
2025-12-10T18:32:28.710-05:00  INFO 2928 --- [BoticaEsperanza] [  restartedMain] org.hibernate.Version                    : HHH000412: Hibernate ORM core version 6.6.15.Final
2025-12-10T18:32:28.739-05:00  INFO 2928 --- [BoticaEsperanza] [  restartedMain] o.h.c.internal.RegionFactoryInitiator    : HHH000026: Second-level cache disabled
2025-12-10T18:32:28.997-05:00  INFO 2928 --- [BoticaEsperanza] [  restartedMain] o.s.o.j.p.SpringPersistenceUnitInfo      : No LoadTimeWeaver setup: ignoring JPA class transformer
2025-12-10T18:32:29.053-05:00  INFO 2928 --- [BoticaEsperanza] [  restartedMain] com.zaxxer.hikari.HikariDataSource       : HikariPool-1 - Starting...
2025-12-10T18:32:29.208-05:00  INFO 2928 --- [BoticaEsperanza] [  restartedMain] com.zaxxer.hikari.pool.HikariPool        : HikariPool-1 - Added connection com.mysql.cj.jdbc.ConnectionImpl@36f77edf
2025-12-10T18:32:29.233-05:00  INFO 2928 --- [BoticaEsperanza] [  restartedMain] com.zaxxer.hikari.HikariDataSource       : HikariPool-1 - Start completed.
2025-12-10T18:32:29.253-05:00  WARN 2928 --- [BoticaEsperanza] [  restartedMain] org.hibernate.orm.deprecation            : HHH90000025: MySQL8Dialect does not need to be specified explicitly using 'hibernate.dialect' (remove the property setting and it will be selected by default)
2025-12-10T18:32:29.254-05:00  WARN 2928 --- [BoticaEsperanza] [  restartedMain] org.hibernate.orm.deprecation            : HHH90000026: MySQL8Dialect has been deprecated; use org.hibernate.dialect.MySQLDialect instead
2025-12-10T18:32:29.270-05:00  INFO 2928 --- [BoticaEsperanza] [  restartedMain] org.hibernate.orm.connections.pooling    : HHH10001005: Database info:
	Database JDBC URL [Connecting through datasource 'HikariDataSource (HikariPool-1)']
	Database driver: undefined/unknown
	Database version: 8.0
	Autocommit mode: undefined/unknown
	Isolation level: undefined/unknown
	Minimum pool size: undefined/unknown
	Maximum pool size: undefined/unknown
2025-12-10T18:32:30.402-05:00  INFO 2928 --- [BoticaEsperanza] [  restartedMain] o.h.e.t.j.p.i.JtaPlatformInitiator       : HHH000489: No JTA platform available (set 'hibernate.transaction.jta.platform' to enable JTA platform integration)
2025-12-10T18:32:30.706-05:00  INFO 2928 --- [BoticaEsperanza] [  restartedMain] j.LocalContainerEntityManagerFactoryBean : Initialized JPA EntityManagerFactory for persistence unit 'default'
2025-12-10T18:32:31.101-05:00  INFO 2928 --- [BoticaEsperanza] [  restartedMain] o.s.d.j.r.query.QueryEnhancerFactory     : Hibernate is in classpath; If applicable, HQL parser will be used.
2025-12-10T18:32:33.411-05:00  WARN 2928 --- [BoticaEsperanza] [  restartedMain] JpaBaseConfiguration$JpaWebConfiguration : spring.jpa.open-in-view is enabled by default. Therefore, database queries may be performed during view rendering. Explicitly configure spring.jpa.open-in-view to disable this warning
2025-12-10T18:32:33.479-05:00  INFO 2928 --- [BoticaEsperanza] [  restartedMain] eAuthenticationProviderManagerConfigurer : Global AuthenticationManager configured with AuthenticationProvider bean with name authenticationProvider
2025-12-10T18:32:33.479-05:00  WARN 2928 --- [BoticaEsperanza] [  restartedMain] r$InitializeUserDetailsManagerConfigurer : Global AuthenticationManager configured with an AuthenticationProvider bean. UserDetailsService beans will not be used by Spring Security for automatically configuring username/password login. Consider removing the AuthenticationProvider bean. Alternatively, consider using the UserDetailsService in a manually instantiated DaoAuthenticationProvider. If the current configuration is intentional, to turn off this warning, increase the logging level of 'org.springframework.security.config.annotation.authentication.configuration.InitializeUserDetailsBeanManagerConfigurer' to ERROR
2025-12-10T18:32:33.539-05:00  INFO 2928 --- [BoticaEsperanza] [  restartedMain] q.B.config.security.SecurityConfig       : Cargando configuración de seguridad
2025-12-10T18:32:34.177-05:00  WARN 2928 --- [BoticaEsperanza] [  restartedMain] o.s.b.d.a.OptionalLiveReloadServer       : Unable to start LiveReload server
2025-12-10T18:32:34.232-05:00  WARN 2928 --- [BoticaEsperanza] [  restartedMain] ConfigServletWebServerApplicationContext : Exception encountered during context initialization - cancelling refresh attempt: org.springframework.context.ApplicationContextException: Failed to start bean 'webServerStartStop'
2025-12-10T18:32:34.236-05:00  INFO 2928 --- [BoticaEsperanza] [  restartedMain] j.LocalContainerEntityManagerFactoryBean : Closing JPA EntityManagerFactory for persistence unit 'default'
2025-12-10T18:32:34.241-05:00  INFO 2928 --- [BoticaEsperanza] [  restartedMain] com.zaxxer.hikari.HikariDataSource       : HikariPool-1 - Shutdown initiated...
2025-12-10T18:32:34.249-05:00  INFO 2928 --- [BoticaEsperanza] [  restartedMain] com.zaxxer.hikari.HikariDataSource       : HikariPool-1 - Shutdown completed.
2025-12-10T18:32:34.267-05:00  INFO 2928 --- [BoticaEsperanza] [  restartedMain] .s.b.a.l.ConditionEvaluationReportLogger : 

Error starting ApplicationContext. To display the condition evaluation report re-run your application with 'debug' enabled.
2025-12-10T18:32:34.291-05:00 ERROR 2928 --- [BoticaEsperanza] [  restartedMain] o.s.b.d.LoggingFailureAnalysisReporter   : 

***************************
APPLICATION FAILED TO START
***************************

Description:

Web server failed to start. Port 8090 was already in use.

Action:

Identify and stop the process that's listening on port 8090 or configure this application to listen on another port.

[INFO] ------------------------------------------------------------------------
[INFO] BUILD SUCCESS
[INFO] ------------------------------------------------------------------------
[INFO] Total time:  16.365 s
[INFO] Finished at: 2025-12-10T18:32:34-05:00
[INFO] ------------------------------------------------------------------------
